// Vitest Snapshot v1, https://vitest.dev/guide/snapshot.html

exports[`lessons_full source model > represents the full Lessons requirement shape without hacks 1`] = `
{
  "keySections": [
    "Comment Shape",
    "Read First",
    "Read First",
    "Role Contract",
    "Role Contract",
    "Specialist Turn Shape",
    "What This Lane Must Do",
    "What This Lane Must Do",
    "What the critic judges",
  ],
  "packetContracts": [
    {
      "conceptualArtifactIds": [
        "section_dossier_packet",
      ],
      "id": "section_dossier_contract",
      "runtimeArtifactIds": [
        "prior_knowledge_map_md",
        "brief_md",
        "concepts_md",
      ],
    },
    {
      "conceptualArtifactIds": [
        "lesson_plan_packet",
      ],
      "id": "lesson_plan_contract",
      "runtimeArtifactIds": [
        "lesson_plan_runtime",
      ],
    },
  ],
  "references": [
    {
      "id": "lessons_simple_clear_ref",
      "referenceClass": "imported_reference",
      "sourcePath": "docs/ref/LESSONS_WORKFLOW_SIMPLE_CLEAR.md",
    },
    {
      "id": "lessons_structured_requirements_ref",
      "referenceClass": "imported_reference",
      "sourcePath": "docs/ref/LESSONS_STRUCTURED_DOCTRINE_REQUIREMENTS_2026-04-01.md",
    },
    {
      "id": "poker_kb_reference",
      "referenceClass": "runtime_reference",
      "sourcePath": "project_homes/lessons/shared/technical_references/POKER_KB.md",
    },
    {
      "id": "github_access_reference",
      "referenceClass": "support_reference",
      "sourcePath": "project_homes/lessons/shared/how_to_guides/LESSONS_GITHUB_ACCESS_PROTOCOL.md",
    },
    {
      "id": "mobile_bootstrap_reference",
      "referenceClass": "support_reference",
      "sourcePath": "project_homes/lessons/shared/agent_coordination/LESSONS_PSMOBILE_BOOTSTRAP.md",
    },
  ],
  "setup": {
    "description": "A broader proving fixture for the full Lessons doctrine requirement set.",
    "id": "lessons_full",
    "kind": "setup",
    "name": "Lessons Full",
  },
  "surfaceClasses": [
    "coordination",
    "gate",
    "how_to",
    "packet_workflow",
    "role_home",
    "shared_entrypoint",
    "standard",
    "technical_reference",
    "workflow_owner",
  ],
}
`;
