// Vitest Snapshot v1, https://vitest.dev/guide/snapshot.html

exports[`release_ops e2e > compiles the same pipeline for a non-editorial setup 1`] = `
{
  "manifest": {
    "adapterName": "paperclip_markdown",
    "documentPaths": {
      "coordinator_home": "/repo/paperclip_home/agents/coordinator/AGENTS.md",
      "release_gate_surface": "/repo/paperclip_home/project_homes/release_ops/shared/gates/RELEASE_READINESS_GATE.md",
      "release_how_to_surface": "/repo/paperclip_home/project_homes/release_ops/shared/runbooks/RELEASE_PROTOCOL.md",
      "release_ops_readme": "/repo/paperclip_home/project_homes/release_ops/shared/README.md",
      "release_workflow_surface": "/repo/paperclip_home/project_homes/release_ops/shared/workflows/AUTHORITATIVE_RELEASE_OPS_WORKFLOW.md",
    },
    "outputRoot": ".",
    "ownedScopes": [
      {
        "absolutePath": "/repo/paperclip_home/agents/coordinator/AGENTS.md",
        "kind": "file",
      },
      {
        "absolutePath": "/repo/paperclip_home/project_homes/release_ops",
        "kind": "root",
      },
    ],
    "repoRoot": "/repo",
  },
  "rendered": {
    "coordinator_home": "# Coordinator

You are the Coordinator.

Your repo-owned role home is \`paperclip_home/agents/coordinator/AGENTS.md\`.

<a id="read-first"></a>
## Read First

Read these shared doctrine surfaces before taking a turn.

- No additional shared doctrine reads are declared yet.

<a id="role-contract"></a>
## Role Contract

Coordinate the release workflow and keep the shared release operations doctrine coherent.

- No additional role boundaries are declared yet.
",
    "release_gate_surface": "# Release Readiness Gate

This file owns what Release Readiness Gate checks before work moves on.

Use it with the governing workflow and any supporting standards for this gate.

<a id="final-checks"></a>
## Final Checks

Judge whether the release packet is ready for handoff.

- Checks that must pass: RELEASE_READINESS.md
- Read before acting: none
",
    "release_how_to_surface": "# Release Protocol

This how-to document explains a repeatable operational procedure.

<a id="protocol"></a>
## Protocol

Use this guide when the current task depends on \`Release Protocol\`.

- Procedure source: \`paperclip_home/project_homes/release_ops/shared/runbooks/RELEASE_PROTOCOL.md\`.
",
    "release_ops_readme": "# Release Ops Shared Doctrine

This folder is the shared doctrine home for the Release Ops setup.

Start here, then open the one surface that owns your current release question.

<a id="read-order"></a>
## Release Order

After this map, read in this order.

1. \`paperclip_home/project_homes/release_ops/shared/workflows/AUTHORITATIVE_RELEASE_OPS_WORKFLOW.md\`

Open packet workflows, standards, and coordination docs only when the workflow owner points you there.
",
    "release_workflow_surface": "# Release Ops Workflow

This file owns the top-level Release Ops workflow.

Use it for release order, owner routing, and final handoff expectations.

<a id="release-shape"></a>
## Release Shape

Use this section to understand the represented workflow order for the current setup.

1. Coordinator: Prepare the release-readiness packet and route it into the final review.

This section currently documents the Coordinator lane.

- Read before acting: none
- Required inputs: none
- Support inputs: Release Protocol
- Interim artifacts: none
- Outputs the next owner may trust: RELEASE_READINESS.md
- Stop line: Stop once the release packet is stable enough for final review.
- Hand off to gate: Release Readiness Gate
",
  },
}
`;
